[6290:6311:1007/095155.845516:ERROR:dbus/bus.cc:405] Failed to connect to the bus: Failed to connect to socket /run/user/0/bus: Permission denied
[6290:6311:1007/095155.847708:ERROR:dbus/bus.cc:405] Failed to connect to the bus: Failed to connect to socket /run/user/0/bus: Permission denied
[6290:6311:1007/095155.855352:ERROR:dbus/bus.cc:405] Failed to connect to the bus: Failed to connect to socket /run/user/0/bus: Permission denied
[6290:6311:1007/095155.901897:ERROR:dbus/bus.cc:405] Failed to connect to the bus: Failed to connect to socket /run/user/0/bus: Permission denied

DevTools listening on ws://127.0.0.1:9240/devtools/browser/28bce186-249a-48c2-9c77-d8bae2b60269
[6290:6290:1007/095155.932275:ERROR:dbus/object_proxy.cc:572] Failed to call method: org.freedesktop.DBus.NameHasOwner: object_path= /org/freedesktop/DBus: unknown error type: 
[6290:6311:1007/095155.932395:ERROR:dbus/bus.cc:405] Failed to connect to the bus: Failed to connect to socket /run/user/0/bus: Permission denied
[6290:6290:1007/095155.932459:ERROR:dbus/object_proxy.cc:572] Failed to call method: org.freedesktop.DBus.NameHasOwner: object_path= /org/freedesktop/DBus: unknown error type: 
[6290:6311:1007/095155.932541:ERROR:dbus/bus.cc:405] Failed to connect to the bus: Failed to connect to socket /run/user/0/bus: Permission denied
[6290:6290:1007/095155.932851:ERROR:dbus/object_proxy.cc:572] Failed to call method: org.freedesktop.DBus.NameHasOwner: object_path= /org/freedesktop/DBus: unknown error type: 
[6290:6290:1007/095155.941709:ERROR:dbus/object_proxy.cc:572] Failed to call method: org.freedesktop.DBus.NameHasOwner: object_path= /org/freedesktop/DBus: unknown error type: 
[6290:6311:1007/095155.941798:ERROR:dbus/bus.cc:405] Failed to connect to the bus: Failed to connect to socket /run/user/0/bus: Permission denied
[6290:6290:1007/095156.075850:ERROR:dbus/object_proxy.cc:572] Failed to call method: org.freedesktop.DBus.NameHasOwner: object_path= /org/freedesktop/DBus: unknown error type: 
[6290:6290:1007/095156.076193:ERROR:dbus/object_proxy.cc:572] Failed to call method: org.freedesktop.DBus.NameHasOwner: object_path= /org/freedesktop/DBus: unknown error type: 
[6290:6311:1007/095156.078714:ERROR:dbus/bus.cc:405] Failed to connect to the bus: Failed to connect to socket /run/user/0/bus: Permission denied
[6290:6290:1007/095156.079034:ERROR:dbus/object_proxy.cc:572] Failed to call method: org.freedesktop.DBus.NameHasOwner: object_path= /org/freedesktop/DBus: unknown error type: 
[6290:6290:1007/095156.119930:ERROR:dbus/object_proxy.cc:572] Failed to call method: org.freedesktop.DBus.NameHasOwner: object_path= /org/freedesktop/DBus: unknown error type: 
[6290:6290:1007/095156.120006:ERROR:dbus/object_proxy.cc:572] Failed to call method: org.freedesktop.DBus.Properties.GetAll: object_path= /org/freedesktop/UPower/devices/DisplayDevice: org.freedesktop.DBus.Error.ServiceUnknown: The name org.freedesktop.UPower was not provided by any .service files
[6290:6311:1007/095156.120154:ERROR:dbus/bus.cc:405] Failed to connect to the bus: Failed to connect to socket /run/user/0/bus: Permission denied
[6290:6290:1007/095156.162889:ERROR:dbus/object_proxy.cc:572] Failed to call method: org.freedesktop.DBus.NameHasOwner: object_path= /org/freedesktop/DBus: unknown error type: 
[6290:6311:1007/095156.163034:ERROR:dbus/bus.cc:405] Failed to connect to the bus: Failed to connect to socket /run/user/0/bus: Permission denied
[6290:6290:1007/095156.180947:ERROR:dbus/object_proxy.cc:572] Failed to call method: org.freedesktop.DBus.NameHasOwner: object_path= /org/freedesktop/DBus: unknown error type: 
[6290:6290:1007/095156.202752:ERROR:dbus/object_proxy.cc:572] Failed to call method: org.freedesktop.NetworkManager.GetDevices: object_path= /org/freedesktop/NetworkManager: org.freedesktop.DBus.Error.ServiceUnknown: The name org.freedesktop.NetworkManager was not provided by any .service files
[6290:6290:1007/095156.259311:ERROR:chrome/browser/component_updater/soda_component_installer.cc:100] On demand update of the SODA component failed with error: 5
[6290:6290:1007/095156.281443:ERROR:chrome/browser/component_updater/soda_language_pack_component_installer.cc:86] On demand update of the SODA language component failed with error: 5
